// Jest Snapshot v1, https://goo.gl/fbAQLP

exports[`Component test Renders correctly 1`] = `"<div class=\\"MuiGrid-root makeStyles-root-7 MuiGrid-container\\"><div class=\\"MuiGrid-root makeStyles-bgImage-8 MuiGrid-item MuiGrid-grid-md-7\\"></div><div class=\\"MuiPaper-root MuiGrid-root MuiGrid-item MuiGrid-grid-xs-12 MuiGrid-grid-sm-12 MuiGrid-grid-md-5 MuiPaper-elevation6\\"><div class=\\"makeStyles-paper-9\\"><div class=\\"MuiAvatar-root MuiAvatar-circle makeStyles-avatar-2 MuiAvatar-colorDefault\\"><svg class=\\"MuiSvgIcon-root\\" focusable=\\"false\\" viewBox=\\"0 0 24 24\\" aria-hidden=\\"true\\"><path d=\\"M18 8h-1V6c0-2.76-2.24-5-5-5S7 3.24 7 6v2H6c-1.1 0-2 .9-2 2v10c0 1.1.9 2 2 2h12c1.1 0 2-.9 2-2V10c0-1.1-.9-2-2-2zM9 6c0-1.66 1.34-3 3-3s3 1.34 3 3v2H9V6zm9 14H6V10h12v10zm-6-3c1.1 0 2-.9 2-2s-.9-2-2-2-2 .9-2 2 .9 2 2 2z\\"></path></svg></div><h1 class=\\"MuiTypography-root MuiTypography-h5\\">sign_in</h1><form class=\\"makeStyles-form-3\\"><div class=\\"MuiGrid-root MuiGrid-container MuiGrid-spacing-xs-2\\"><div class=\\"MuiGrid-root MuiGrid-item MuiGrid-grid-xs-12\\"><div class=\\"MuiFormControl-root MuiTextField-root MuiFormControl-fullWidth\\"><label class=\\"MuiFormLabel-root MuiInputLabel-root MuiInputLabel-formControl MuiInputLabel-animated MuiInputLabel-outlined Mui-required Mui-required\\" data-shrink=\\"false\\" for=\\"email\\" id=\\"email-label\\">email_address<span aria-hidden=\\"true\\" class=\\"MuiFormLabel-asterisk MuiInputLabel-asterisk\\"> *</span></label><div class=\\"MuiInputBase-root MuiOutlinedInput-root MuiInputBase-fullWidth MuiInputBase-formControl\\"><input type=\\"text\\" aria-invalid=\\"false\\" autoComplete=\\"email\\" autofocus=\\"\\" id=\\"email\\" name=\\"email\\" required=\\"\\" value=\\"\\" class=\\"MuiInputBase-input MuiOutlinedInput-input\\"/><fieldset aria-hidden=\\"true\\" class=\\"PrivateNotchedOutline-root-10 MuiOutlinedInput-notchedOutline\\"><legend class=\\"PrivateNotchedOutline-legendLabelled-12\\"><span>email_address *</span></legend></fieldset></div></div></div><div class=\\"MuiGrid-root MuiGrid-item MuiGrid-grid-xs-12\\"><div class=\\"MuiFormControl-root MuiTextField-root MuiFormControl-fullWidth\\"><label class=\\"MuiFormLabel-root MuiInputLabel-root MuiInputLabel-formControl MuiInputLabel-animated MuiInputLabel-outlined Mui-required Mui-required\\" data-shrink=\\"false\\" for=\\"password\\" id=\\"password-label\\">password<span aria-hidden=\\"true\\" class=\\"MuiFormLabel-asterisk MuiInputLabel-asterisk\\"> *</span></label><div class=\\"MuiInputBase-root MuiOutlinedInput-root MuiInputBase-fullWidth MuiInputBase-formControl\\"><input type=\\"password\\" aria-invalid=\\"false\\" autoComplete=\\"password\\" id=\\"password\\" name=\\"password\\" required=\\"\\" value=\\"\\" class=\\"MuiInputBase-input MuiOutlinedInput-input\\"/><fieldset aria-hidden=\\"true\\" class=\\"PrivateNotchedOutline-root-10 MuiOutlinedInput-notchedOutline\\"><legend class=\\"PrivateNotchedOutline-legendLabelled-12\\"><span>password *</span></legend></fieldset></div></div></div><div class=\\"MuiGrid-root MuiGrid-item MuiGrid-grid-xs-12\\"><button class=\\"MuiButtonBase-root MuiButton-root MuiButton-contained makeStyles-submit-4 MuiButton-containedPrimary Mui-disabled MuiButton-fullWidth Mui-disabled\\" tabindex=\\"-1\\" type=\\"submit\\" disabled=\\"\\"><span class=\\"MuiButton-label\\">sign_in</span></button></div><div class=\\"MuiGrid-root MuiGrid-item MuiGrid-grid-xs-12 MuiGrid-grid-sm-6\\"><a class=\\"makeStyles-forgotPassword-5\\" href=\\"#\\">forgot_password</a></div><div class=\\"MuiGrid-root makeStyles-signUp-6 MuiGrid-item MuiGrid-grid-xs-12 MuiGrid-grid-sm-6\\"><a href=\\"/sign-up\\">sign_up_if_do_not_have_account</a></div></div></form></div></div></div>"`;
