// Jest Snapshot v1, https://goo.gl/fbAQLP

exports[`Component test Renders correctly 1`] = `"<header class=\\"MuiPaper-root MuiAppBar-root MuiAppBar-positionFixed MuiAppBar-colorPrimary makeStyles-appBar-1 mui-fixed MuiPaper-elevation0\\"><div class=\\"MuiToolbar-root MuiToolbar-regular makeStyles-toolbar-2 MuiToolbar-gutters\\"><div class=\\"makeStyles-root-10\\"><div class=\\"makeStyles-searchIcon-11\\"><svg class=\\"MuiSvgIcon-root\\" focusable=\\"false\\" viewBox=\\"0 0 24 24\\" aria-hidden=\\"true\\"><path d=\\"M15.5 14h-.79l-.28-.27C15.41 12.59 16 11.11 16 9.5 16 5.91 13.09 3 9.5 3S3 5.91 3 9.5 5.91 16 9.5 16c1.61 0 3.09-.59 4.23-1.57l.27.28v.79l5 4.99L20.49 19l-4.99-5zm-6 0C7.01 14 5 11.99 5 9.5S7.01 5 9.5 5 14 7.01 14 9.5 11.99 14 9.5 14z\\"></path></svg></div><div class=\\"MuiInputBase-root makeStyles-inputRoot-12\\"><input placeholder=\\"header.search_box_placeholder\\" type=\\"text\\" class=\\"MuiInputBase-input makeStyles-inputInput-13\\" value=\\"\\"></div></div><div class=\\"makeStyles-grow-8\\"></div><div class=\\"makeStyles-accountInfo-6\\"><button class=\\"MuiButtonBase-root MuiIconButton-root\\" tabindex=\\"0\\" type=\\"button\\"><span class=\\"MuiIconButton-label\\"><img class=\\"makeStyles-avatar-9\\" src=\\"http://test.com\\" alt=\\"\\"></span><span class=\\"MuiTouchRipple-root\\"></span></button></div></div></header>"`;
