// Jest Snapshot v1, https://goo.gl/fbAQLP

exports[`Component test Renders correctly 1`] = `"<div role=\\"presentation\\" class=\\"MuiPopover-root\\" style=\\"position: fixed; z-index: 1300; right: 0px; bottom: 0px; top: 0px; left: 0px;\\"><div aria-hidden=\\"true\\" style=\\"z-index: -1; position: fixed; right: 0px; bottom: 0px; top: 0px; left: 0px; background-color: transparent;\\"></div><div tabindex=\\"0\\" data-test=\\"sentinelStart\\"></div><div class=\\"MuiPaper-root MuiPopover-paper MuiPaper-elevation8 MuiPaper-rounded\\" style=\\"opacity: 1; transform: scale(1, 1); transition: opacity 0ms cubic-bezier(0.4, 0, 0.2, 1) 0ms,transform 0ms cubic-bezier(0.4, 0, 0.2, 1) 0ms; top: 16px; left: 16px; transform-origin: -16px -16px;\\" tabindex=\\"-1\\"><ul class=\\"MuiList-root MuiList-padding\\"><li class=\\"MuiListItem-root makeStyles-listItem-2 makeStyles-separateLine-3 MuiListItem-gutters\\"><img class=\\"makeStyles-avatar-4\\" src=\\"http://test.com\\" alt=\\"\\"><div><p class=\\"MuiTypography-root MuiTypography-body1\\">Test</p><span class=\\"MuiTypography-root makeStyles-email-5 MuiTypography-caption\\">test@test.com</span></div></li><div class=\\"MuiButtonBase-root MuiListItem-root makeStyles-listItem-2 makeStyles-separateLine-3 MuiListItem-gutters MuiListItem-button\\" tabindex=\\"0\\" role=\\"button\\" aria-disabled=\\"false\\">setting<svg class=\\"MuiSvgIcon-root\\" focusable=\\"false\\" viewBox=\\"0 0 24 24\\" aria-hidden=\\"true\\"><path d=\\"M19.14 12.94c.04-.3.06-.61.06-.94 0-.32-.02-.64-.07-.94l2.03-1.58c.18-.14.23-.41.12-.61l-1.92-3.32c-.12-.22-.37-.29-.59-.22l-2.39.96c-.5-.38-1.03-.7-1.62-.94l-.36-2.54c-.04-.24-.24-.41-.48-.41h-3.84c-.24 0-.43.17-.47.41l-.36 2.54c-.59.24-1.13.57-1.62.94l-2.39-.96c-.22-.08-.47 0-.59.22L2.74 8.87c-.12.21-.08.47.12.61l2.03 1.58c-.05.3-.09.63-.09.94s.02.64.07.94l-2.03 1.58c-.18.14-.23.41-.12.61l1.92 3.32c.12.22.37.29.59.22l2.39-.96c.5.38 1.03.7 1.62.94l.36 2.54c.05.24.24.41.48.41h3.84c.24 0 .44-.17.47-.41l.36-2.54c.59-.24 1.13-.56 1.62-.94l2.39.96c.22.08.47 0 .59-.22l1.92-3.32c.12-.22.07-.47-.12-.61l-2.01-1.58zM12 15.6c-1.98 0-3.6-1.62-3.6-3.6s1.62-3.6 3.6-3.6 3.6 1.62 3.6 3.6-1.62 3.6-3.6 3.6z\\"></path></svg><span class=\\"MuiTouchRipple-root\\"></span></div><div class=\\"MuiButtonBase-root MuiListItem-root makeStyles-listItem-2 MuiListItem-gutters MuiListItem-button\\" tabindex=\\"0\\" role=\\"button\\" aria-disabled=\\"false\\">header.sign_out<svg class=\\"MuiSvgIcon-root\\" focusable=\\"false\\" viewBox=\\"0 0 24 24\\" aria-hidden=\\"true\\"><path d=\\"M10.09 15.59L11.5 17l5-5-5-5-1.41 1.41L12.67 11H3v2h9.67l-2.58 2.59zM19 3H5c-1.11 0-2 .9-2 2v4h2V5h14v14H5v-4H3v4c0 1.1.89 2 2 2h14c1.1 0 2-.9 2-2V5c0-1.1-.9-2-2-2z\\"></path></svg><span class=\\"MuiTouchRipple-root\\"></span></div></ul></div><div tabindex=\\"0\\" data-test=\\"sentinelEnd\\"></div></div>"`;
