// Jest Snapshot v1, https://goo.gl/fbAQLP

exports[`Component test Renders correctly 1`] = `"<div class=\\"makeStyles-root-2\\"><header class=\\"MuiPaper-root MuiAppBar-root MuiAppBar-positionFixed MuiAppBar-colorPrimary makeStyles-appBar-4 mui-fixed MuiPaper-elevation0\\"><div class=\\"MuiToolbar-root MuiToolbar-regular makeStyles-toolbar-5 MuiToolbar-gutters\\"><div class=\\"makeStyles-root-13\\"><div class=\\"makeStyles-searchIcon-14\\"><svg class=\\"MuiSvgIcon-root\\" focusable=\\"false\\" viewBox=\\"0 0 24 24\\" aria-hidden=\\"true\\"><path d=\\"M15.5 14h-.79l-.28-.27C15.41 12.59 16 11.11 16 9.5 16 5.91 13.09 3 9.5 3S3 5.91 3 9.5 5.91 16 9.5 16c1.61 0 3.09-.59 4.23-1.57l.27.28v.79l5 4.99L20.49 19l-4.99-5zm-6 0C7.01 14 5 11.99 5 9.5S7.01 5 9.5 5 14 7.01 14 9.5 11.99 14 9.5 14z\\"></path></svg></div><div class=\\"MuiInputBase-root makeStyles-inputRoot-15\\"><input type=\\"text\\" placeholder=\\"header.search_box_placeholder\\" class=\\"MuiInputBase-input makeStyles-inputInput-16\\"/></div></div><div class=\\"makeStyles-grow-11\\"></div><div class=\\"makeStyles-accountInfo-9\\"><button class=\\"MuiButtonBase-root MuiIconButton-root\\" tabindex=\\"0\\" type=\\"button\\"><span class=\\"MuiIconButton-label\\"><img class=\\"makeStyles-avatar-12\\" src=\\"http://test.com\\" alt=\\"\\"/></span></button></div></div></header><div class=\\"MuiDrawer-root makeStyles-drawer-31 MuiDrawer-docked\\"><div class=\\"MuiPaper-root MuiDrawer-paper makeStyles-drawerPaper-32 MuiDrawer-paperAnchorLeft MuiDrawer-paperAnchorDockedLeft MuiPaper-elevation0\\"><li class=\\"MuiListItem-root makeStyles-title-34 MuiListItem-gutters\\"><img class=\\"makeStyles-reactIcon-33\\" src=\\"/static/icons/react_icon.svg\\" alt=\\"\\"/><h6 class=\\"MuiTypography-root MuiTypography-h6\\">header.title</h6></li><ul class=\\"MuiList-root makeStyles-list-35 MuiList-padding\\"><div class=\\"MuiButtonBase-root MuiListItem-root makeStyles-listItem-36 MuiListItem-gutters MuiListItem-button Mui-selected\\" tabindex=\\"0\\" role=\\"button\\" aria-disabled=\\"false\\" href=\\"/\\"><div class=\\"MuiListItemIcon-root\\"><svg class=\\"MuiSvgIcon-root makeStyles-listItemIcon-37\\" focusable=\\"false\\" viewBox=\\"0 0 24 24\\" aria-hidden=\\"true\\"><path d=\\"M19 5v2h-4V5h4M9 5v6H5V5h4m10 8v6h-4v-6h4M9 17v2H5v-2h4M21 3h-8v6h8V3zM11 3H3v10h8V3zm10 8h-8v10h8V11zm-10 4H3v6h8v-6z\\"></path></svg></div><div class=\\"MuiListItemText-root\\"><h6 class=\\"MuiTypography-root MuiTypography-subtitle2\\">homepage</h6></div></div><div class=\\"MuiButtonBase-root MuiListItem-root makeStyles-listItem-36 MuiListItem-gutters MuiListItem-button\\" tabindex=\\"0\\" role=\\"button\\" aria-disabled=\\"false\\" href=\\"/orders\\"><div class=\\"MuiListItemIcon-root\\"><svg class=\\"MuiSvgIcon-root makeStyles-listItemIcon-37\\" focusable=\\"false\\" viewBox=\\"0 0 24 24\\" aria-hidden=\\"true\\"><path d=\\"M15.55 13c.75 0 1.41-.41 1.75-1.03l3.58-6.49c.37-.66-.11-1.48-.87-1.48H5.21l-.94-2H1v2h2l3.6 7.59-1.35 2.44C4.52 15.37 5.48 17 7 17h12v-2H7l1.1-2h7.45zM6.16 6h12.15l-2.76 5H8.53L6.16 6zM7 18c-1.1 0-1.99.9-1.99 2S5.9 22 7 22s2-.9 2-2-.9-2-2-2zm10 0c-1.1 0-1.99.9-1.99 2s.89 2 1.99 2 2-.9 2-2-.9-2-2-2z\\"></path></svg></div><div class=\\"MuiListItemText-root\\"><h6 class=\\"MuiTypography-root MuiTypography-subtitle2\\">orders</h6></div></div><div class=\\"MuiButtonBase-root MuiListItem-root makeStyles-listItem-36 MuiListItem-gutters MuiListItem-button\\" tabindex=\\"0\\" role=\\"button\\" aria-disabled=\\"false\\" href=\\"/invoices\\"><div class=\\"MuiListItemIcon-root\\"><svg class=\\"MuiSvgIcon-root makeStyles-listItemIcon-37\\" focusable=\\"false\\" viewBox=\\"0 0 24 24\\" aria-hidden=\\"true\\"><path d=\\"M20 4H4c-1.11 0-1.99.89-1.99 2L2 18c0 1.11.89 2 2 2h16c1.11 0 2-.89 2-2V6c0-1.11-.89-2-2-2zm0 14H4v-6h16v6zm0-10H4V6h16v2z\\"></path></svg></div><div class=\\"MuiListItemText-root\\"><h6 class=\\"MuiTypography-root MuiTypography-subtitle2\\">invoices</h6></div></div><div class=\\"MuiButtonBase-root MuiListItem-root makeStyles-listItem-36 MuiListItem-gutters MuiListItem-button\\" tabindex=\\"0\\" role=\\"button\\" aria-disabled=\\"false\\" href=\\"/documentation\\"><div class=\\"MuiListItemIcon-root\\"><svg class=\\"MuiSvgIcon-root makeStyles-listItemIcon-37\\" focusable=\\"false\\" viewBox=\\"0 0 24 24\\" aria-hidden=\\"true\\"><path d=\\"M4 6H2v14c0 1.1.9 2 2 2h14v-2H4V6zm16-4H8c-1.1 0-2 .9-2 2v12c0 1.1.9 2 2 2h12c1.1 0 2-.9 2-2V4c0-1.1-.9-2-2-2zm0 14H8V4h12v12zM10 9h8v2h-8zm0 3h4v2h-4zm0-6h8v2h-8z\\"></path></svg></div><div class=\\"MuiListItemText-root\\"><h6 class=\\"MuiTypography-root MuiTypography-subtitle2\\">documentation</h6></div></div></ul></div></div><div class=\\"makeStyles-content-3\\"><div class=\\"makeStyles-root-1\\"><h1 class=\\"MuiTypography-root MuiTypography-h4 MuiTypography-gutterBottom\\">documentation</h1></div></div></div>"`;
