// Jest Snapshot v1, https://goo.gl/fbAQLP

exports[`renders correctly 1`] = `"<div role=\\"presentation\\" class=\\"MuiDialog-root\\" style=\\"position: fixed; z-index: 1300; right: 0px; bottom: 0px; top: 0px; left: 0px;\\"><div class=\\"MuiBackdrop-root\\" aria-hidden=\\"true\\" style=\\"opacity: 1; webkit-transition: opacity 225ms cubic-bezier(0.4, 0, 0.2, 1) 0ms; transition: opacity 225ms cubic-bezier(0.4, 0, 0.2, 1) 0ms;\\"></div><div tabindex=\\"0\\" data-test=\\"sentinelStart\\"></div><div class=\\"MuiDialog-container MuiDialog-scrollBody\\" style=\\"opacity: 1; webkit-transition: opacity 225ms cubic-bezier(0.4, 0, 0.2, 1) 0ms; transition: opacity 225ms cubic-bezier(0.4, 0, 0.2, 1) 0ms;\\" role=\\"none presentation\\" tabindex=\\"-1\\"><div class=\\"MuiPaper-root MuiDialog-paper makeStyles-dialogPaper-2 MuiDialog-paperScrollBody MuiDialog-paperWidthSm MuiPaper-elevation24 MuiPaper-rounded\\" role=\\"dialog\\"><div class=\\"MuiDialogTitle-root makeStyles-dialogTitle-3\\"><h2 class=\\"MuiTypography-root MuiTypography-h6\\">user_setting</h2></div><form><div class=\\"MuiDialogContent-root makeStyles-dialogContent-4\\"><div class=\\"MuiGrid-root MuiGrid-container MuiGrid-spacing-xs-2\\"><div class=\\"MuiGrid-root MuiGrid-item MuiGrid-grid-xs-12\\"><div class=\\"makeStyles-avatar-6\\"><img src=\\"http://test.com\\" alt=\\"\\"><input type=\\"file\\" hidden=\\"\\"><button class=\\"MuiButtonBase-root MuiIconButton-root makeStyles-editAvatarButton-7 MuiIconButton-sizeSmall\\" tabindex=\\"0\\" type=\\"button\\"><span class=\\"MuiIconButton-label\\"><svg class=\\"MuiSvgIcon-root\\" focusable=\\"false\\" viewBox=\\"0 0 24 24\\" aria-hidden=\\"true\\"><path d=\\"M3 17.25V21h3.75L17.81 9.94l-3.75-3.75L3 17.25zM20.71 7.04c.39-.39.39-1.02 0-1.41l-2.34-2.34a.9959.9959 0 00-1.41 0l-1.83 1.83 3.75 3.75 1.83-1.83z\\"></path></svg></span><span class=\\"MuiTouchRipple-root\\"></span></button></div></div><div class=\\"MuiGrid-root MuiGrid-item MuiGrid-grid-xs-12\\"><div class=\\"MuiFormControl-root MuiTextField-root MuiFormControl-fullWidth\\"><label class=\\"MuiFormLabel-root MuiInputLabel-root MuiInputLabel-formControl MuiInputLabel-animated MuiInputLabel-shrink MuiInputLabel-outlined MuiFormLabel-filled Mui-required Mui-required\\" data-shrink=\\"true\\" for=\\"display-name\\" id=\\"display-name-label\\">display_name<span aria-hidden=\\"true\\" class=\\"MuiFormLabel-asterisk MuiInputLabel-asterisk\\"> *</span></label><div class=\\"MuiInputBase-root MuiOutlinedInput-root MuiInputBase-fullWidth MuiInputBase-formControl\\"><input aria-invalid=\\"false\\" autocomplete=\\"display-name\\" id=\\"display-name\\" name=\\"displayName\\" required=\\"\\" type=\\"text\\" class=\\"MuiInputBase-input MuiOutlinedInput-input\\" value=\\"Test\\"><fieldset aria-hidden=\\"true\\" class=\\"PrivateNotchedOutline-root-10 MuiOutlinedInput-notchedOutline\\"><legend class=\\"PrivateNotchedOutline-legendLabelled-12 PrivateNotchedOutline-legendNotched-13\\"><span>display_name&nbsp;*</span></legend></fieldset></div></div></div><div class=\\"MuiGrid-root MuiGrid-item MuiGrid-grid-xs-12\\"><div class=\\"MuiFormControl-root MuiTextField-root MuiFormControl-fullWidth\\"><label class=\\"MuiFormLabel-root MuiInputLabel-root MuiInputLabel-formControl MuiInputLabel-animated MuiInputLabel-shrink MuiInputLabel-outlined Mui-disabled Mui-disabled MuiFormLabel-filled Mui-required Mui-required\\" data-shrink=\\"true\\">email_address<span aria-hidden=\\"true\\" class=\\"MuiFormLabel-asterisk MuiInputLabel-asterisk\\"> *</span></label><div class=\\"MuiInputBase-root MuiOutlinedInput-root Mui-disabled Mui-disabled MuiInputBase-fullWidth MuiInputBase-formControl\\"><input aria-invalid=\\"false\\" disabled=\\"\\" required=\\"\\" type=\\"text\\" class=\\"MuiInputBase-input MuiOutlinedInput-input Mui-disabled Mui-disabled\\" value=\\"test@test.com\\"><fieldset aria-hidden=\\"true\\" class=\\"PrivateNotchedOutline-root-10 MuiOutlinedInput-notchedOutline\\"><legend class=\\"PrivateNotchedOutline-legendLabelled-12 PrivateNotchedOutline-legendNotched-13\\"><span>email_address&nbsp;*</span></legend></fieldset></div></div></div><div class=\\"MuiGrid-root MuiGrid-item MuiGrid-grid-xs-12\\"><div class=\\"MuiFormControl-root MuiTextField-root MuiFormControl-fullWidth\\"><label class=\\"MuiFormLabel-root MuiInputLabel-root MuiInputLabel-formControl MuiInputLabel-animated MuiInputLabel-shrink MuiInputLabel-outlined MuiFormLabel-filled Mui-required Mui-required\\" data-shrink=\\"true\\">language<span aria-hidden=\\"true\\" class=\\"MuiFormLabel-asterisk MuiInputLabel-asterisk\\"> *</span></label><div class=\\"MuiInputBase-root MuiOutlinedInput-root MuiInputBase-fullWidth MuiInputBase-formControl\\"><div class=\\"MuiSelect-root MuiSelect-select MuiSelect-selectMenu MuiSelect-outlined MuiInputBase-input MuiOutlinedInput-input\\" tabindex=\\"0\\" role=\\"button\\" aria-haspopup=\\"listbox\\" aria-labelledby=\\"mui-component-select-language\\" id=\\"mui-component-select-language\\">english</div><input name=\\"language\\" aria-hidden=\\"true\\" tabindex=\\"-1\\" class=\\"MuiSelect-nativeInput\\" required=\\"\\" value=\\"en\\"><svg class=\\"MuiSvgIcon-root MuiSelect-icon MuiSelect-iconOutlined\\" focusable=\\"false\\" viewBox=\\"0 0 24 24\\" aria-hidden=\\"true\\"><path d=\\"M7 10l5 5 5-5z\\"></path></svg><fieldset aria-hidden=\\"true\\" class=\\"PrivateNotchedOutline-root-10 MuiOutlinedInput-notchedOutline\\"><legend class=\\"PrivateNotchedOutline-legendLabelled-12 PrivateNotchedOutline-legendNotched-13\\"><span>language&nbsp;*</span></legend></fieldset></div></div></div></div></div><div class=\\"MuiDialogActions-root makeStyles-dialogActions-5 MuiDialogActions-spacing\\"><button class=\\"MuiButtonBase-root MuiButton-root MuiButton-text\\" tabindex=\\"0\\" type=\\"button\\"><span class=\\"MuiButton-label\\">cancel</span><span class=\\"MuiTouchRipple-root\\"></span></button><button class=\\"MuiButtonBase-root MuiButton-root MuiButton-contained makeStyles-submitButton-8 MuiButton-containedPrimary Mui-disabled Mui-disabled\\" tabindex=\\"-1\\" type=\\"submit\\" disabled=\\"\\"><span class=\\"MuiButton-label\\">submit</span></button></div></form></div></div><div tabindex=\\"0\\" data-test=\\"sentinelEnd\\"></div></div>"`;
